// Jest Snapshot v1, https://goo.gl/fbAQLP

exports[`snapshot without books 1`] = `
<div
  className="list-books"
>
  <div
    className="list-books-title"
  >
    <h1>
      MyReads
    </h1>
  </div>
  <div
    className="list-books-content"
  >
    <div>
      <Bookshelf
        books={Array []}
        category="currentlyReading"
        name="Currently Reading"
        onCategorizeBook={[Function]}
      />
      <Bookshelf
        books={Array []}
        category="read"
        name="Read"
        onCategorizeBook={[Function]}
      />
      <Bookshelf
        books={Array []}
        category="wantToRead"
        name="Want to Read"
        onCategorizeBook={[Function]}
      />
    </div>
  </div>
  <div
    className="open-search"
  >
    <Link
      replace={false}
      to="/add-book"
    >
      Add a book
    </Link>
  </div>
</div>
`;
