// Jest Snapshot v1, https://goo.gl/fbAQLP

exports[`snapshot without books 1`] = `
<div
  className="list-books"
>
  <div
    className="list-books-title"
  >
    <h1>
      MyReads
    </h1>
  </div>
  <div
    className="list-books-content"
  >
    <Bookshelf
      books={Array []}
      category="currentlyReading"
      key="currentlyReading"
      name="Currently Reading"
      onCategorizeBook={[Function]}
    />
    <Bookshelf
      books={Array []}
      category="read"
      key="read"
      name="Read"
      onCategorizeBook={[Function]}
    />
    <Bookshelf
      books={Array []}
      category="wantToRead"
      key="wantToRead"
      name="Want to Read"
      onCategorizeBook={[Function]}
    />
  </div>
  <div
    className="open-search"
  >
    <Link
      replace={false}
      to="/search"
    >
      Add a book
    </Link>
  </div>
</div>
`;
