// Jest Snapshot v1, https://goo.gl/fbAQLP

exports[`default snapshot 1`] = `
<div
  className="search-books"
>
  <SearchBar
    onSearch={[Function]}
  />
  <div>
    <SearchSuggestion
      pause={false}
      words={Array []}
    />
    <SearchResult
      books={Array []}
      onCategorizeBook={[Function]}
      searchQuery=""
    />
  </div>
</div>
`;
