// Jest Snapshot v1, https://goo.gl/fbAQLP

exports[`default snapshot 1`] = `
<div
  className="search-books-bar"
>
  <div
    style={
      Object {
        "padding": 12,
      }
    }
  >
    <ActionSearch
      color="#ff6d00"
    />
  </div>
  <SearchInput
    onChange={[Function]}
  />
</div>
`;
