// Jest Snapshot v1, https://goo.gl/fbAQLP

exports[`empty data snapshot 1`] = `
<div
  className="search-books-results"
>
  <div
    className="empty-search-result"
  >
    <span>
      Your search did not match any books.
    </span>
  </div>
</div>
`;

exports[`not empty data snapshot 1`] = `
<div
  className="search-books-results"
>
  <div
    className="bookshelf-books"
  >
    <ol
      className="books-grid"
    >
      <li
        key="1"
      >
        <Book
          authors={Array []}
          category="none"
          coverLink=""
          description=""
          onChangeBookCategory={[Function]}
          subtitle=""
          title="Book A"
        />
      </li>
      <li
        key="2"
      >
        <Book
          authors={Array []}
          category="none"
          coverLink=""
          description=""
          onChangeBookCategory={[Function]}
          subtitle=""
          title="Book B"
        />
      </li>
    </ol>
  </div>
</div>
`;
