// Jest Snapshot v1, https://goo.gl/fbAQLP

exports[`empty data snapshot 1`] = `
<div
  className="search-books-results"
>
  <div
    className="empty-search-result"
  >
    <span>
      Your search did not match any books.
    </span>
  </div>
</div>
`;

exports[`not empty data snapshot 1`] = `
<div
  className="search-books-results"
>
  <div
    className="books-grid"
  >
    <Book
      authors={Array []}
      coverLink=""
      key="1"
      onChangeBookShelf={[Function]}
      shelf="none"
      title="Book A"
    />
    <Book
      authors={Array []}
      coverLink=""
      key="2"
      onChangeBookShelf={[Function]}
      shelf="none"
      title="Book B"
    />
  </div>
</div>
`;
