// Jest Snapshot v1, https://goo.gl/fbAQLP

exports[`default snpashot 1`] = `
<div
  className="search-books-input-wrapper"
>
  <Debounce
    handler="onChange"
    handlers={Array []}
    time="500"
  >
    <input
      onChange={[Function]}
      placeholder="Search by title or author"
      type="text"
    />
  </Debounce>
</div>
`;
